Started server process [6308] | {"color_message": "Started server process [\u001b[36m%d\u001b[0m]"}
Waiting for application startup.
cache_backend_selected | {"backend": "redis"}
startup | {"env": "local", "cache_backend": "redis", "chatbot_enabled": true, "cors_origins": ["http://localhost:5173", "http://localhost:3000", "http://localhost:8000"]}
scheduler_started | {"jobs": ["flush_popularity_counters"], "interval_seconds": 60}
Application startup complete.
Uvicorn running on http://127.0.0.1:8000 (Press CTRL+C to quit) | {"color_message": "Uvicorn running on \u001b[1m%s://%s:%d\u001b[0m (Press CTRL+C to quit)"}
popularity_flush_completed | {"entities": ["content", "character", "merchandise"], "rows_updated": 0, "views_applied": 0}
popularity_flush_completed | {"entities": ["content", "character", "merchandise"], "rows_updated": 0, "views_applied": 0}
popularity_flush_completed | {"entities": ["content", "character", "merchandise"], "rows_updated": 0, "views_applied": 0}
popularity_flush_completed | {"entities": ["content", "character", "merchandise"], "rows_updated": 0, "views_applied": 0}
popularity_flush_completed | {"entities": ["content", "character", "merchandise"], "rows_updated": 0, "views_applied": 0}
popularity_flush_completed | {"entities": ["content", "character", "merchandise"], "rows_updated": 0, "views_applied": 0}
popularity_flush_completed | {"entities": ["content", "character", "merchandise"], "rows_updated": 0, "views_applied": 0}
popularity_flush_completed | {"entities": ["content", "character", "merchandise"], "rows_updated": 0, "views_applied": 0}
popularity_flush_completed | {"entities": ["content", "character", "merchandise"], "rows_updated": 0, "views_applied": 0}
popularity_flush_completed | {"entities": ["content", "character", "merchandise"], "rows_updated": 0, "views_applied": 0}
popularity_flush_completed | {"entities": ["content", "character", "merchandise"], "rows_updated": 0, "views_applied": 0}
popularity_flush_completed | {"entities": ["content", "character", "merchandise"], "rows_updated": 0, "views_applied": 0}
popularity_flush_completed | {"entities": ["content", "character", "merchandise"], "rows_updated": 0, "views_applied": 0}
popularity_flush_completed | {"entities": ["content", "character", "merchandise"], "rows_updated": 0, "views_applied": 0}
popularity_flush_completed | {"entities": ["content", "character", "merchandise"], "rows_updated": 0, "views_applied": 0}
popularity_flush_completed | {"entities": ["content", "character", "merchandise"], "rows_updated": 0, "views_applied": 0}
popularity_flush_completed | {"entities": ["content", "character", "merchandise"], "rows_updated": 0, "views_applied": 0}
popularity_flush_completed | {"entities": ["content", "character", "merchandise"], "rows_updated": 0, "views_applied": 0}
popularity_flush_completed | {"entities": ["content", "character", "merchandise"], "rows_updated": 0, "views_applied": 0}
popularity_flush_completed | {"entities": ["content", "character", "merchandise"], "rows_updated": 0, "views_applied": 0}
popularity_flush_completed | {"entities": ["content", "character", "merchandise"], "rows_updated": 0, "views_applied": 0}
popularity_flush_completed | {"entities": ["content", "character", "merchandise"], "rows_updated": 0, "views_applied": 0}
popularity_flush_completed | {"entities": ["content", "character", "merchandise"], "rows_updated": 0, "views_applied": 0}
popularity_flush_completed | {"entities": ["content", "character", "merchandise"], "rows_updated": 0, "views_applied": 0}
popularity_flush_completed | {"entities": ["content", "character", "merchandise"], "rows_updated": 0, "views_applied": 0}
popularity_flush_completed | {"entities": ["content", "character", "merchandise"], "rows_updated": 0, "views_applied": 0}
popularity_flush_completed | {"entities": ["content", "character", "merchandise"], "rows_updated": 0, "views_applied": 0}
popularity_flush_completed | {"entities": ["content", "character", "merchandise"], "rows_updated": 0, "views_applied": 0}
popularity_flush_completed | {"entities": ["content", "character", "merchandise"], "rows_updated": 0, "views_applied": 0}
popularity_flush_completed | {"entities": ["content", "character", "merchandise"], "rows_updated": 0, "views_applied": 0}
popularity_flush_completed | {"entities": ["content", "character", "merchandise"], "rows_updated": 0, "views_applied": 0}
popularity_flush_completed | {"entities": ["content", "character", "merchandise"], "rows_updated": 0, "views_applied": 0}
popularity_flush_completed | {"entities": ["content", "character", "merchandise"], "rows_updated": 0, "views_applied": 0}
popularity_flush_completed | {"entities": ["content", "character", "merchandise"], "rows_updated": 0, "views_applied": 0}
popularity_flush_completed | {"entities": ["content", "character", "merchandise"], "rows_updated": 0, "views_applied": 0}
popularity_flush_completed | {"entities": ["content", "character", "merchandise"], "rows_updated": 0, "views_applied": 0}
popularity_flush_completed | {"entities": ["content", "character", "merchandise"], "rows_updated": 0, "views_applied": 0}
request_completed | {"request_id": "8a636950f50b412f", "method": "GET", "path": "/openapi.json", "status_code": 200, "duration_ms": 518.01, "user_id": null}
popularity_flush_completed | {"entities": ["content", "character", "merchandise"], "rows_updated": 0, "views_applied": 0}
request_completed | {"request_id": "92e713e4a523487b", "method": "GET", "path": "/api/v1/health", "status_code": 200, "duration_ms": 5810.48, "user_id": null}
popularity_flush_completed | {"entities": ["content", "character", "merchandise"], "rows_updated": 0, "views_applied": 0}
popularity_flush_completed | {"entities": ["content", "character", "merchandise"], "rows_updated": 0, "views_applied": 0}
popularity_flush_completed | {"entities": ["content", "character", "merchandise"], "rows_updated": 0, "views_applied": 0}
popularity_flush_completed | {"entities": ["content", "character", "merchandise"], "rows_updated": 0, "views_applied": 0}
popularity_flush_completed | {"entities": ["content", "character", "merchandise"], "rows_updated": 0, "views_applied": 0}
popularity_flush_completed | {"entities": ["content", "character", "merchandise"], "rows_updated": 0, "views_applied": 0}
popularity_flush_completed | {"entities": ["content", "character", "merchandise"], "rows_updated": 0, "views_applied": 0}
popularity_flush_completed | {"entities": ["content", "character", "merchandise"], "rows_updated": 0, "views_applied": 0}
popularity_flush_completed | {"entities": ["content", "character", "merchandise"], "rows_updated": 0, "views_applied": 0}
popularity_flush_completed | {"entities": ["content", "character", "merchandise"], "rows_updated": 0, "views_applied": 0}
popularity_flush_completed | {"entities": ["content", "character", "merchandise"], "rows_updated": 0, "views_applied": 0}
popularity_flush_completed | {"entities": ["content", "character", "merchandise"], "rows_updated": 0, "views_applied": 0}
popularity_flush_completed | {"entities": ["content", "character", "merchandise"], "rows_updated": 0, "views_applied": 0}
popularity_flush_completed | {"entities": ["content", "character", "merchandise"], "rows_updated": 0, "views_applied": 0}
popularity_flush_completed | {"entities": ["content", "character", "merchandise"], "rows_updated": 0, "views_applied": 0}
popularity_flush_completed | {"entities": ["content", "character", "merchandise"], "rows_updated": 0, "views_applied": 0}
popularity_flush_completed | {"entities": ["content", "character", "merchandise"], "rows_updated": 0, "views_applied": 0}
popularity_flush_completed | {"entities": ["content", "character", "merchandise"], "rows_updated": 0, "views_applied": 0}
popularity_flush_failed | {"error": "Error while reading from pro-mastodon-299559.upstash.io:6379 : (22, 'The specified network name is no longer available', None, 64, None)", "error_type": "ConnectionError"}
popularity_flush_completed | {"entities": ["content", "character", "merchandise"], "rows_updated": 0, "views_applied": 0}
popularity_flush_completed | {"entities": ["content", "character", "merchandise"], "rows_updated": 0, "views_applied": 0}
popularity_flush_completed | {"entities": ["content", "character", "merchandise"], "rows_updated": 0, "views_applied": 0}
popularity_flush_completed | {"entities": ["content", "character", "merchandise"], "rows_updated": 0, "views_applied": 0}
popularity_flush_completed | {"entities": ["content", "character", "merchandise"], "rows_updated": 0, "views_applied": 0}
popularity_flush_completed | {"entities": ["content", "character", "merchandise"], "rows_updated": 0, "views_applied": 0}
popularity_flush_completed | {"entities": ["content", "character", "merchandise"], "rows_updated": 0, "views_applied": 0}
popularity_flush_completed | {"entities": ["content", "character", "merchandise"], "rows_updated": 0, "views_applied": 0}
popularity_flush_completed | {"entities": ["content", "character", "merchandise"], "rows_updated": 0, "views_applied": 0}
popularity_flush_completed | {"entities": ["content", "character", "merchandise"], "rows_updated": 0, "views_applied": 0}
popularity_flush_completed | {"entities": ["content", "character", "merchandise"], "rows_updated": 0, "views_applied": 0}
